.next/dev/types/routes.d.ts(444,29): error TS1005: ';' expected.
.next/dev/types/routes.d.ts(447,1): error TS1128: Declaration or statement expected.
.next/dev/types/validator.ts(3412,8): error TS1005: ';' expected.
.next/dev/types/validator.ts(3413,1): error TS1128: Declaration or statement expected.
