src/app/nurse/patient/[id]/layout.tsx(58,24): error TS2339: Property 'patient_first_name' does not exist on type 'PatientQueueEntry'.
src/app/nurse/patient/[id]/layout.tsx(58,60): error TS2339: Property 'unreg_first_name' does not exist on type 'PatientQueueEntry'.
src/app/nurse/patient/[id]/layout.tsx(58,94): error TS2339: Property 'patient_last_name' does not exist on type 'PatientQueueEntry'.
src/app/nurse/patient/[id]/layout.tsx(58,129): error TS2339: Property 'unreg_last_name' does not exist on type 'PatientQueueEntry'.
src/app/nurse/patient/[id]/layout.tsx(100,35): error TS2339: Property 'patient_identifier' does not exist on type 'PatientQueueEntry'.
src/app/nurse/patient/[id]/layout.tsx(100,72): error TS2339: Property 'unreg_identifier' does not exist on type 'PatientQueueEntry'.
src/app/nurse/patient/[id]/layout.tsx(106,33): error TS2339: Property 'blood_type' does not exist on type 'PatientQueueEntry'.
src/app/nurse/patient/[id]/layout.tsx(109,39): error TS2339: Property 'blood_type' does not exist on type 'PatientQueueEntry'.
src/app/nurse/patient/[id]/page.tsx(21,26): error TS2740: Type 'PatientQueueEntry' is missing the following properties from type 'NurseDailyDashboard': patient_first_name, patient_last_name, patient_identifier, blood_type, and 7 more.
src/app/nurse/patient/[id]/vitals/page.tsx(24,24): error TS2339: Property 'patient_first_name' does not exist on type 'PatientQueueEntry'.
src/app/nurse/patient/[id]/vitals/page.tsx(24,60): error TS2339: Property 'unreg_first_name' does not exist on type 'PatientQueueEntry'.
src/app/nurse/patient/[id]/vitals/page.tsx(24,94): error TS2339: Property 'patient_last_name' does not exist on type 'PatientQueueEntry'.
src/app/nurse/patient/[id]/vitals/page.tsx(24,129): error TS2339: Property 'unreg_last_name' does not exist on type 'PatientQueueEntry'.
src/app/nurse/patient/[id]/vitals/page.tsx(92,37): error TS2339: Property 'patient_identifier' does not exist on type 'PatientQueueEntry'.
src/app/nurse/patient/[id]/vitals/page.tsx(92,74): error TS2339: Property 'unreg_identifier' does not exist on type 'PatientQueueEntry'.
src/components/nurse/clinical/VitalSignsForm.tsx(117,18): error TS2304: Cannot find name 'Activity'.
src/components/nurse/clinical/VitalSignsForm.tsx(294,14): error TS2304: Cannot find name 'Loader2'.
