src/app/dashboard/clinic/settings/page.tsx(4,8): error TS1259: Module '"C:/Users/Dereck/Desktop/Proyectos Grandes/Clinica_Syncwave_MVP/my-app/node_modules/.pnpm/@types+react@19.0.0/node_modules/@types/react/index"' can only be default-imported using the 'esModuleInterop' flag
src/app/dashboard/clinic/settings/page.tsx(10,24): error TS2307: Cannot find module '@/components/ui/button' or its corresponding type declarations.
src/app/dashboard/clinic/settings/page.tsx(11,23): error TS2307: Cannot find module '@/components/ui/input' or its corresponding type declarations.
src/app/dashboard/clinic/settings/page.tsx(12,58): error TS2307: Cannot find module '@/components/ui/card' or its corresponding type declarations.
src/app/dashboard/clinic/settings/page.tsx(14,45): error TS2307: Cannot find module '@/app/adapters/client' or its corresponding type declarations.
src/app/dashboard/clinic/settings/page.tsx(50,3): error TS17004: Cannot use JSX unless the '--jsx' flag is provided.
src/app/dashboard/clinic/settings/page.tsx(52,5): error TS17004: Cannot use JSX unless the '--jsx' flag is provided.
src/app/dashboard/clinic/settings/page.tsx(53,6): error TS17004: Cannot use JSX unless the '--jsx' flag is provided.
src/app/dashboard/clinic/settings/page.tsx(56,4): error TS17004: Cannot use JSX unless the '--jsx' flag is provided.
src/app/dashboard/clinic/settings/page.tsx(57,5): error TS17004: Cannot use JSX unless the '--jsx' flag is provided.
src/app/dashboard/clinic/settings/page.tsx(58,18): error TS17004: Cannot use JSX unless the '--jsx' flag is provided.
src/app/dashboard/clinic/settings/page.tsx(66,3): error TS17004: Cannot use JSX unless the '--jsx' flag is provided.
src/app/dashboard/clinic/settings/page.tsx(67,4): error TS17004: Cannot use JSX unless the '--jsx' flag is provided.
src/app/dashboard/clinic/settings/page.tsx(69,6): error TS17004: Cannot use JSX unless the '--jsx' flag is provided.
src/app/dashboard/clinic/settings/page.tsx(70,7): error TS17004: Cannot use JSX unless the '--jsx' flag is provided.
src/app/dashboard/clinic/settings/page.tsx(73,5): error TS17004: Cannot use JSX unless the '--jsx' flag is provided.
src/app/dashboard/clinic/settings/page.tsx(75,4): error TS17004: Cannot use JSX unless the '--jsx' flag is provided.
src/app/dashboard/clinic/settings/page.tsx(76,13): error TS17004: Cannot use JSX unless the '--jsx' flag is provided.
src/app/dashboard/clinic/settings/page.tsx(83,3): error TS17004: Cannot use JSX unless the '--jsx' flag is provided.
src/app/dashboard/clinic/settings/page.tsx(84,4): error TS17004: Cannot use JSX unless the '--jsx' flag is provided.
src/app/dashboard/clinic/settings/page.tsx(85,5): error TS17004: Cannot use JSX unless the '--jsx' flag is provided.
src/app/dashboard/clinic/settings/page.tsx(86,6): error TS17004: Cannot use JSX unless the '--jsx' flag is provided.
src/app/dashboard/clinic/settings/page.tsx(87,6): error TS17004: Cannot use JSX unless the '--jsx' flag is provided.
src/app/dashboard/clinic/settings/page.tsx(89,5): error TS17004: Cannot use JSX unless the '--jsx' flag is provided.
src/app/dashboard/clinic/settings/page.tsx(90,6): error TS17004: Cannot use JSX unless the '--jsx' flag is provided.
src/app/dashboard/clinic/settings/page.tsx(91,6): error TS17004: Cannot use JSX unless the '--jsx' flag is provided.
src/app/dashboard/clinic/settings/page.tsx(94,4): error TS17004: Cannot use JSX unless the '--jsx' flag is provided.
src/app/dashboard/clinic/settings/page.tsx(95,4): error TS17004: Cannot use JSX unless the '--jsx' flag is provided.
src/app/dashboard/clinic/settings/page.tsx(97,6): error TS17004: Cannot use JSX unless the '--jsx' flag is provided.
src/app/dashboard/clinic/settings/page.tsx(98,7): error TS17004: Cannot use JSX unless the '--jsx' flag is provided.
src/app/dashboard/clinic/settings/page.tsx(99,7): error TS17004: Cannot use JSX unless the '--jsx' flag is provided.
src/app/dashboard/clinic/settings/page.tsx(109,3): error TS17004: Cannot use JSX unless the '--jsx' flag is provided.
src/app/dashboard/clinic/settings/page.tsx(110,4): error TS17004: Cannot use JSX unless the '--jsx' flag is provided.
src/app/dashboard/clinic/settings/page.tsx(111,5): error TS17004: Cannot use JSX unless the '--jsx' flag is provided.
src/app/dashboard/clinic/settings/page.tsx(112,6): error TS17004: Cannot use JSX unless the '--jsx' flag is provided.
src/app/dashboard/clinic/settings/page.tsx(115,5): error TS17004: Cannot use JSX unless the '--jsx' flag is provided.
src/app/dashboard/clinic/settings/page.tsx(116,5): error TS17004: Cannot use JSX unless the '--jsx' flag is provided.
src/app/dashboard/clinic/settings/page.tsx(117,6): error TS17004: Cannot use JSX unless the '--jsx' flag is provided.
src/app/dashboard/clinic/settings/page.tsx(118,6): error TS17004: Cannot use JSX unless the '--jsx' flag is provided.
src/app/dashboard/clinic/settings/page.tsx(120,5): error TS17004: Cannot use JSX unless the '--jsx' flag is provided.
src/app/dashboard/clinic/settings/page.tsx(121,27): error TS17004: Cannot use JSX unless the '--jsx' flag is provided.
src/app/dashboard/clinic/settings/page.tsx(123,4): error TS17004: Cannot use JSX unless the '--jsx' flag is provided.
src/app/dashboard/clinic/settings/page.tsx(124,5): error TS17004: Cannot use JSX unless the '--jsx' flag is provided.
src/app/dashboard/clinic/settings/page.tsx(131,5): error TS17004: Cannot use JSX unless the '--jsx' flag is provided.
src/app/dashboard/clinic/settings/page.tsx(141,3): error TS17004: Cannot use JSX unless the '--jsx' flag is provided.
src/app/dashboard/clinic/settings/page.tsx(142,4): error TS17004: Cannot use JSX unless the '--jsx' flag is provided.
src/app/dashboard/clinic/settings/page.tsx(144,5): error TS17004: Cannot use JSX unless the '--jsx' flag is provided.
src/app/dashboard/clinic/settings/page.tsx(145,16): error TS17004: Cannot use JSX unless the '--jsx' flag is provided.
src/app/dashboard/clinic/settings/page.tsx(337,4): error TS17004: Cannot use JSX unless the '--jsx' flag is provided.
src/app/dashboard/clinic/settings/page.tsx(338,5): error TS17004: Cannot use JSX unless the '--jsx' flag is provided.
src/app/dashboard/clinic/settings/page.tsx(339,6): error TS17004: Cannot use JSX unless the '--jsx' flag is provided.
src/app/dashboard/clinic/settings/page.tsx(340,6): error TS17004: Cannot use JSX unless the '--jsx' flag is provided.
src/app/dashboard/clinic/settings/page.tsx(346,3): error TS17004: Cannot use JSX unless the '--jsx' flag is provided.
src/app/dashboard/clinic/settings/page.tsx(347,4): error TS17004: Cannot use JSX unless the '--jsx' flag is provided.
src/app/dashboard/clinic/settings/page.tsx(348,4): error TS17004: Cannot use JSX unless the '--jsx' flag is provided.
src/app/dashboard/clinic/settings/page.tsx(353,3): error TS17004: Cannot use JSX unless the '--jsx' flag is provided.
src/app/dashboard/clinic/settings/page.tsx(360,4): error TS17004: Cannot use JSX unless the '--jsx' flag is provided.
src/app/dashboard/clinic/settings/page.tsx(361,5): error TS17004: Cannot use JSX unless the '--jsx' flag is provided.
src/app/dashboard/clinic/settings/page.tsx(362,6): error TS17004: Cannot use JSX unless the '--jsx' flag is provided.
src/app/dashboard/clinic/settings/page.tsx(363,7): error TS17004: Cannot use JSX unless the '--jsx' flag is provided.
src/app/dashboard/clinic/settings/page.tsx(368,7): error TS17004: Cannot use JSX unless the '--jsx' flag is provided.
src/app/dashboard/clinic/settings/page.tsx(369,8): error TS17004: Cannot use JSX unless the '--jsx' flag is provided.
src/app/dashboard/clinic/settings/page.tsx(370,8): error TS17004: Cannot use JSX unless the '--jsx' flag is provided.
src/app/dashboard/clinic/settings/page.tsx(371,8): error TS17004: Cannot use JSX unless the '--jsx' flag is provided.
src/app/dashboard/clinic/settings/page.tsx(375,6): error TS17004: Cannot use JSX unless the '--jsx' flag is provided.
src/app/dashboard/clinic/settings/page.tsx(376,7): error TS17004: Cannot use JSX unless the '--jsx' flag is provided.
src/app/dashboard/clinic/settings/page.tsx(377,7): error TS17004: Cannot use JSX unless the '--jsx' flag is provided.
src/app/dashboard/clinic/settings/page.tsx(378,7): error TS17004: Cannot use JSX unless the '--jsx' flag is provided.
src/app/dashboard/clinic/settings/page.tsx(386,4): error TS17004: Cannot use JSX unless the '--jsx' flag is provided.
src/app/dashboard/clinic/settings/page.tsx(388,5): error TS17004: Cannot use JSX unless the '--jsx' flag is provided.
src/app/dashboard/clinic/settings/page.tsx(390,6): error TS17004: Cannot use JSX unless the '--jsx' flag is provided.
src/app/dashboard/clinic/settings/page.tsx(391,7): error TS17004: Cannot use JSX unless the '--jsx' flag is provided.
src/app/dashboard/clinic/settings/page.tsx(392,8): error TS17004: Cannot use JSX unless the '--jsx' flag is provided.
src/app/dashboard/clinic/settings/page.tsx(393,8): error TS17004: Cannot use JSX unless the '--jsx' flag is provided.
src/app/dashboard/clinic/settings/page.tsx(395,7): error TS17004: Cannot use JSX unless the '--jsx' flag is provided.
src/app/dashboard/clinic/settings/page.tsx(396,8): error TS17004: Cannot use JSX unless the '--jsx' flag is provided.
src/app/dashboard/clinic/settings/page.tsx(397,9): error TS17004: Cannot use JSX unless the '--jsx' flag is provided.
src/app/dashboard/clinic/settings/page.tsx(398,9): error TS17004: Cannot use JSX unless the '--jsx' flag is provided.
src/app/dashboard/clinic/settings/page.tsx(404,6): error TS17004: Cannot use JSX unless the '--jsx' flag is provided.
src/app/dashboard/clinic/settings/page.tsx(405,7): error TS17004: Cannot use JSX unless the '--jsx' flag is provided.
src/app/dashboard/clinic/settings/page.tsx(406,8): error TS17004: Cannot use JSX unless the '--jsx' flag is provided.
src/app/dashboard/clinic/settings/page.tsx(407,8): error TS17004: Cannot use JSX unless the '--jsx' flag is provided.
src/app/dashboard/clinic/settings/page.tsx(408,9): error TS17004: Cannot use JSX unless the '--jsx' flag is provided.
src/app/dashboard/clinic/settings/page.tsx(409,9): error TS17004: Cannot use JSX unless the '--jsx' flag is provided.
src/app/dashboard/clinic/settings/page.tsx(412,7): error TS17004: Cannot use JSX unless the '--jsx' flag is provided.
src/app/dashboard/clinic/settings/page.tsx(413,8): error TS17004: Cannot use JSX unless the '--jsx' flag is provided.
src/app/dashboard/clinic/settings/page.tsx(414,9): error TS17004: Cannot use JSX unless the '--jsx' flag is provided.
src/app/dashboard/clinic/settings/page.tsx(417,9): error TS17004: Cannot use JSX unless the '--jsx' flag is provided.
src/app/dashboard/clinic/settings/page.tsx(418,10): error TS17004: Cannot use JSX unless the '--jsx' flag is provided.
src/app/dashboard/clinic/settings/page.tsx(419,10): error TS17004: Cannot use JSX unless the '--jsx' flag is provided.
src/app/dashboard/clinic/settings/page.tsx(421,9): error TS17004: Cannot use JSX unless the '--jsx' flag is provided.
src/app/dashboard/clinic/settings/page.tsx(421,72): error TS17004: Cannot use JSX unless the '--jsx' flag is provided.
src/app/dashboard/clinic/settings/page.tsx(423,8): error TS17004: Cannot use JSX unless the '--jsx' flag is provided.
src/app/dashboard/clinic/settings/page.tsx(424,20): error TS17004: Cannot use JSX unless the '--jsx' flag is provided.
src/app/dashboard/clinic/settings/page.tsx(430,6): error TS17004: Cannot use JSX unless the '--jsx' flag is provided.
src/app/dashboard/clinic/settings/page.tsx(431,7): error TS17004: Cannot use JSX unless the '--jsx' flag is provided.
src/app/dashboard/clinic/settings/page.tsx(432,8): error TS17004: Cannot use JSX unless the '--jsx' flag is provided.
src/app/dashboard/clinic/settings/page.tsx(433,8): error TS17004: Cannot use JSX unless the '--jsx' flag is provided.
src/app/dashboard/clinic/settings/page.tsx(434,9): error TS17004: Cannot use JSX unless the '--jsx' flag is provided.
src/app/dashboard/clinic/settings/page.tsx(435,9): error TS17004: Cannot use JSX unless the '--jsx' flag is provided.
src/app/dashboard/clinic/settings/page.tsx(438,7): error TS17004: Cannot use JSX unless the '--jsx' flag is provided.
src/app/dashboard/clinic/settings/page.tsx(439,8): error TS17004: Cannot use JSX unless the '--jsx' flag is provided.
src/app/dashboard/clinic/settings/page.tsx(440,9): error TS17004: Cannot use JSX unless the '--jsx' flag is provided.
src/app/dashboard/clinic/settings/page.tsx(443,9): error TS17004: Cannot use JSX unless the '--jsx' flag is provided.
src/app/dashboard/clinic/settings/page.tsx(444,10): error TS17004: Cannot use JSX unless the '--jsx' flag is provided.
src/app/dashboard/clinic/settings/page.tsx(445,10): error TS17004: Cannot use JSX unless the '--jsx' flag is provided.
src/app/dashboard/clinic/settings/page.tsx(447,9): error TS17004: Cannot use JSX unless the '--jsx' flag is provided.
src/app/dashboard/clinic/settings/page.tsx(448,10): error TS17004: Cannot use JSX unless the '--jsx' flag is provided.
src/app/dashboard/clinic/settings/page.tsx(449,10): error TS17004: Cannot use JSX unless the '--jsx' flag is provided.
src/app/dashboard/clinic/settings/page.tsx(452,8): error TS17004: Cannot use JSX unless the '--jsx' flag is provided.
src/app/dashboard/clinic/settings/page.tsx(453,9): error TS17004: Cannot use JSX unless the '--jsx' flag is provided.
src/app/dashboard/clinic/settings/page.tsx(454,21): error TS17004: Cannot use JSX unless the '--jsx' flag is provided.
src/app/dashboard/clinic/settings/page.tsx(456,9): error TS17004: Cannot use JSX unless the '--jsx' flag is provided.
src/app/dashboard/clinic/settings/page.tsx(463,7): error TS17004: Cannot use JSX unless the '--jsx' flag is provided.
src/app/dashboard/clinic/settings/page.tsx(464,8): error TS17004: Cannot use JSX unless the '--jsx' flag is provided.
src/app/dashboard/clinic/settings/page.tsx(465,9): error TS17004: Cannot use JSX unless the '--jsx' flag is provided.
src/app/dashboard/clinic/settings/page.tsx(466,9): error TS17004: Cannot use JSX unless the '--jsx' flag is provided.
src/app/dashboard/clinic/settings/page.tsx(468,8): error TS17004: Cannot use JSX unless the '--jsx' flag is provided.
src/app/dashboard/clinic/settings/page.tsx(469,9): error TS17004: Cannot use JSX unless the '--jsx' flag is provided.
src/app/dashboard/clinic/settings/page.tsx(469,10): error TS2322: Type '{ width: "100%"; height: "100%"; }' is not assignable to type 'Props & RefAttributes<HTMLDivElement>'.
  Property 'children' is missing in type '{ width: "100%"; height: "100%"; }' but required in type 'Props'.
src/app/dashboard/clinic/settings/page.tsx(470,10): error TS17004: Cannot use JSX unless the '--jsx' flag is provided.
src/app/dashboard/clinic/settings/page.tsx(471,11): error TS17004: Cannot use JSX unless the '--jsx' flag is provided.
src/app/dashboard/clinic/settings/page.tsx(472,11): error TS17004: Cannot use JSX unless the '--jsx' flag is provided.
src/app/dashboard/clinic/settings/page.tsx(473,11): error TS17004: Cannot use JSX unless the '--jsx' flag is provided.
src/app/dashboard/clinic/settings/page.tsx(473,29): error TS17004: Cannot use JSX unless the '--jsx' flag is provided.
src/app/dashboard/clinic/settings/page.tsx(474,11): error TS17004: Cannot use JSX unless the '--jsx' flag is provided.
src/app/dashboard/clinic/settings/page.tsx(483,5): error TS17004: Cannot use JSX unless the '--jsx' flag is provided.
src/app/dashboard/clinic/settings/page.tsx(485,6): error TS17004: Cannot use JSX unless the '--jsx' flag is provided.
src/app/dashboard/clinic/settings/page.tsx(486,7): error TS17004: Cannot use JSX unless the '--jsx' flag is provided.
src/app/dashboard/clinic/settings/page.tsx(487,8): error TS17004: Cannot use JSX unless the '--jsx' flag is provided.
src/app/dashboard/clinic/settings/page.tsx(490,8): error TS17004: Cannot use JSX unless the '--jsx' flag is provided.
src/app/dashboard/clinic/settings/page.tsx(491,9): error TS17004: Cannot use JSX unless the '--jsx' flag is provided.
src/app/dashboard/clinic/settings/page.tsx(492,9): error TS17004: Cannot use JSX unless the '--jsx' flag is provided.
src/app/dashboard/clinic/settings/page.tsx(493,9): error TS17004: Cannot use JSX unless the '--jsx' flag is provided.
src/app/dashboard/clinic/settings/page.tsx(494,10): error TS17004: Cannot use JSX unless the '--jsx' flag is provided.
src/app/dashboard/clinic/settings/page.tsx(499,7): error TS17004: Cannot use JSX unless the '--jsx' flag is provided.
src/app/dashboard/clinic/settings/page.tsx(505,9): error TS17004: Cannot use JSX unless the '--jsx' flag is provided.
src/app/dashboard/clinic/settings/page.tsx(506,10): error TS17004: Cannot use JSX unless the '--jsx' flag is provided.
src/app/dashboard/clinic/settings/page.tsx(507,10): error TS17004: Cannot use JSX unless the '--jsx' flag is provided.
src/app/dashboard/clinic/settings/page.tsx(508,10): error TS17004: Cannot use JSX unless the '--jsx' flag is provided.
src/app/dashboard/clinic/settings/page.tsx(513,7): error TS17004: Cannot use JSX unless the '--jsx' flag is provided.
src/app/dashboard/clinic/settings/page.tsx(514,8): error TS17004: Cannot use JSX unless the '--jsx' flag is provided.
src/app/dashboard/clinic/settings/page.tsx(515,20): error TS17004: Cannot use JSX unless the '--jsx' flag is provided.
src/app/dashboard/clinic/settings/page.tsx(517,8): error TS17004: Cannot use JSX unless the '--jsx' flag is provided.
src/app/dashboard/clinic/settings/page.tsx(524,6): error TS17004: Cannot use JSX unless the '--jsx' flag is provided.
src/app/dashboard/clinic/settings/page.tsx(525,7): error TS17004: Cannot use JSX unless the '--jsx' flag is provided.
src/app/dashboard/clinic/settings/page.tsx(526,8): error TS17004: Cannot use JSX unless the '--jsx' flag is provided.
src/app/dashboard/clinic/settings/page.tsx(527,8): error TS17004: Cannot use JSX unless the '--jsx' flag is provided.
src/app/dashboard/clinic/settings/page.tsx(529,7): error TS17004: Cannot use JSX unless the '--jsx' flag is provided.
src/app/dashboard/clinic/settings/page.tsx(532,7): error TS17004: Cannot use JSX unless the '--jsx' flag is provided.
src/app/dashboard/clinic/settings/page.tsx(545,5): error TS17004: Cannot use JSX unless the '--jsx' flag is provided.
src/app/dashboard/clinic/settings/page.tsx(546,6): error TS17004: Cannot use JSX unless the '--jsx' flag is provided.
src/app/dashboard/clinic/settings/page.tsx(554,7): error TS17004: Cannot use JSX unless the '--jsx' flag is provided.
src/app/dashboard/clinic/settings/page.tsx(555,8): error TS17004: Cannot use JSX unless the '--jsx' flag is provided.
src/app/dashboard/clinic/settings/page.tsx(556,9): error TS17004: Cannot use JSX unless the '--jsx' flag is provided.
src/app/dashboard/clinic/settings/page.tsx(557,9): error TS17004: Cannot use JSX unless the '--jsx' flag is provided.
src/app/dashboard/clinic/settings/page.tsx(558,15): error TS17004: Cannot use JSX unless the '--jsx' flag is provided.
src/app/dashboard/clinic/settings/page.tsx(560,9): error TS17004: Cannot use JSX unless the '--jsx' flag is provided.
src/app/dashboard/clinic/settings/page.tsx(561,18): error TS17004: Cannot use JSX unless the '--jsx' flag is provided.
src/app/dashboard/clinic/settings/page.tsx(564,8): error TS17004: Cannot use JSX unless the '--jsx' flag is provided.
src/app/dashboard/clinic/settings/page.tsx(569,9): error TS17004: Cannot use JSX unless the '--jsx' flag is provided.
src/app/dashboard/clinic/settings/page.tsx(573,7): error TS17004: Cannot use JSX unless the '--jsx' flag is provided.
src/app/dashboard/clinic/settings/page.tsx(574,8): error TS17004: Cannot use JSX unless the '--jsx' flag is provided.
src/app/dashboard/clinic/settings/page.tsx(575,22): error TS17004: Cannot use JSX unless the '--jsx' flag is provided.
src/app/dashboard/clinic/settings/page.tsx(577,8): error TS17004: Cannot use JSX unless the '--jsx' flag is provided.
src/app/dashboard/clinic/settings/page.tsx(581,7): error TS17004: Cannot use JSX unless the '--jsx' flag is provided.
src/lib/auth-guards.ts(5,44): error TS2307: Cannot find module '@/app/adapters/server' or its corresponding type declarations.
